// Jest Snapshot v1, https://goo.gl/fbAQLP

exports[`Dates successfully renders calendar days when given an array and today is a number 1`] = `
<styled.div>
  <div
    key="0"
  >
    <styled.div>
      <styled.p />
    </styled.div>
  </div>
  <div
    key="1"
  >
    <styled.div>
      <styled.p />
    </styled.div>
  </div>
  <div
    key="2"
  >
    <styled.div>
      <styled.p />
    </styled.div>
  </div>
  <div
    key="3"
  >
    <styled.div>
      <styled.p>
        1
      </styled.p>
    </styled.div>
  </div>
  <div
    key="4"
  >
    <styled.div>
      <styled.p>
        2
      </styled.p>
    </styled.div>
  </div>
  <div
    key="5"
  >
    <styled.div>
      <styled.p>
        3
      </styled.p>
    </styled.div>
  </div>
  <div
    key="6"
  >
    <styled.div>
      <styled.p>
        4
      </styled.p>
    </styled.div>
  </div>
  <div
    key="7"
  >
    <styled.div>
      <styled.p>
        5
      </styled.p>
    </styled.div>
  </div>
  <div
    key="8"
  >
    <styled.div>
      <styled.p>
        6
      </styled.p>
    </styled.div>
  </div>
  <div
    key="9"
  >
    <styled.div>
      <styled.p>
        7
      </styled.p>
    </styled.div>
  </div>
  <div
    key="10"
  >
    <styled.div>
      <styled.p>
        8
      </styled.p>
    </styled.div>
  </div>
  <div
    key="11"
  >
    <styled.div>
      <styled.p>
        9
      </styled.p>
    </styled.div>
  </div>
  <div
    key="12"
  >
    <styled.div>
      <styled.p>
        10
      </styled.p>
    </styled.div>
  </div>
  <div
    key="13"
  >
    <styled.div>
      <styled.p>
        11
      </styled.p>
    </styled.div>
  </div>
  <div
    key="14"
  >
    <styled.div>
      <styled.p>
        12
      </styled.p>
    </styled.div>
  </div>
  <div
    key="15"
  >
    <styled.div>
      <styled.p>
        13
      </styled.p>
    </styled.div>
  </div>
  <div
    key="16"
  >
    <styled.div>
      <styled.p>
        14
      </styled.p>
    </styled.div>
  </div>
  <div
    key="17"
  >
    <styled.div>
      <styled.p>
        15
      </styled.p>
    </styled.div>
  </div>
  <div
    key="18"
  >
    <styled.div>
      <styled.p>
        16
      </styled.p>
    </styled.div>
  </div>
  <div
    key="19"
  >
    <styled.div>
      <styled.p>
        17
      </styled.p>
    </styled.div>
  </div>
  <div
    key="20"
  >
    <styled.div>
      <styled.p>
        18
      </styled.p>
    </styled.div>
  </div>
  <div
    key="21"
  >
    <styled.div>
      <styled.p>
        19
      </styled.p>
    </styled.div>
  </div>
  <div
    key="22"
  >
    <styled.div>
      <styled.p>
        20
      </styled.p>
    </styled.div>
  </div>
  <div
    key="23"
  >
    <styled.div>
      <styled.p>
        21
      </styled.p>
    </styled.div>
  </div>
  <div
    key="24"
  >
    <styled.div>
      <styled.p>
        22
      </styled.p>
    </styled.div>
  </div>
  <div
    key="25"
  >
    <styled.div>
      <styled.p>
        23
      </styled.p>
    </styled.div>
  </div>
  <div
    key="26"
  >
    <styled.div>
      <styled.p>
        24
      </styled.p>
    </styled.div>
  </div>
  <div
    key="27"
  >
    <styled.div>
      <styled.p>
        25
      </styled.p>
    </styled.div>
  </div>
  <div
    key="28"
  >
    <styled.div>
      <styled.p>
        26
      </styled.p>
    </styled.div>
  </div>
  <div
    key="29"
  >
    <styled.div>
      <styled.p>
        27
      </styled.p>
    </styled.div>
  </div>
  <div
    key="30"
  >
    <styled.div>
      <styled.p>
        28
      </styled.p>
    </styled.div>
  </div>
  <div
    key="31"
  >
    <styled.div>
      <styled.p>
        29
      </styled.p>
    </styled.div>
  </div>
  <div
    key="32"
  >
    <styled.div>
      <styled.p>
        30
      </styled.p>
    </styled.div>
  </div>
  <div
    key="33"
  >
    <styled.div>
      <styled.p>
        31
      </styled.p>
    </styled.div>
  </div>
  <div
    key="34"
  >
    <styled.div>
      <styled.p />
    </styled.div>
  </div>
  <div
    key="35"
  >
    <styled.div>
      <styled.p />
    </styled.div>
  </div>
  <div
    key="36"
  >
    <styled.div>
      <styled.p />
    </styled.div>
  </div>
  <div
    key="37"
  >
    <styled.div>
      <styled.p />
    </styled.div>
  </div>
  <div
    key="38"
  >
    <styled.div>
      <styled.p />
    </styled.div>
  </div>
  <div
    key="39"
  >
    <styled.div>
      <styled.p />
    </styled.div>
  </div>
  <div
    key="40"
  >
    <styled.div>
      <styled.p />
    </styled.div>
  </div>
  <div
    key="41"
  >
    <styled.div>
      <styled.p />
    </styled.div>
  </div>
</styled.div>
`;

exports[`Dates successfully renders calendar days with no highlight when today is null 1`] = `
<styled.div>
  <div
    key="0"
  >
    <styled.div>
      <styled.p />
    </styled.div>
  </div>
  <div
    key="1"
  >
    <styled.div>
      <styled.p />
    </styled.div>
  </div>
  <div
    key="2"
  >
    <styled.div>
      <styled.p />
    </styled.div>
  </div>
  <div
    key="3"
  >
    <styled.div>
      <styled.p>
        1
      </styled.p>
    </styled.div>
  </div>
  <div
    key="4"
  >
    <styled.div>
      <styled.p>
        2
      </styled.p>
    </styled.div>
  </div>
  <div
    key="5"
  >
    <styled.div>
      <styled.p>
        3
      </styled.p>
    </styled.div>
  </div>
  <div
    key="6"
  >
    <styled.div>
      <styled.p>
        4
      </styled.p>
    </styled.div>
  </div>
  <div
    key="7"
  >
    <styled.div>
      <styled.p>
        5
      </styled.p>
    </styled.div>
  </div>
  <div
    key="8"
  >
    <styled.div>
      <styled.p>
        6
      </styled.p>
    </styled.div>
  </div>
  <div
    key="9"
  >
    <styled.div>
      <styled.p>
        7
      </styled.p>
    </styled.div>
  </div>
  <div
    key="10"
  >
    <styled.div>
      <styled.p>
        8
      </styled.p>
    </styled.div>
  </div>
  <div
    key="11"
  >
    <styled.div>
      <styled.p>
        9
      </styled.p>
    </styled.div>
  </div>
  <div
    key="12"
  >
    <styled.div>
      <styled.p>
        10
      </styled.p>
    </styled.div>
  </div>
  <div
    key="13"
  >
    <styled.div>
      <styled.p>
        11
      </styled.p>
    </styled.div>
  </div>
  <div
    key="14"
  >
    <styled.div>
      <styled.p>
        12
      </styled.p>
    </styled.div>
  </div>
  <div
    key="15"
  >
    <styled.div>
      <styled.p>
        13
      </styled.p>
    </styled.div>
  </div>
  <div
    key="16"
  >
    <styled.div>
      <styled.p>
        14
      </styled.p>
    </styled.div>
  </div>
  <div
    key="17"
  >
    <styled.div>
      <styled.p>
        15
      </styled.p>
    </styled.div>
  </div>
  <div
    key="18"
  >
    <styled.div>
      <styled.p>
        16
      </styled.p>
    </styled.div>
  </div>
  <div
    key="19"
  >
    <styled.div>
      <styled.p>
        17
      </styled.p>
    </styled.div>
  </div>
  <div
    key="20"
  >
    <styled.div>
      <styled.p>
        18
      </styled.p>
    </styled.div>
  </div>
  <div
    key="21"
  >
    <styled.div>
      <styled.p>
        19
      </styled.p>
    </styled.div>
  </div>
  <div
    key="22"
  >
    <styled.div>
      <styled.p>
        20
      </styled.p>
    </styled.div>
  </div>
  <div
    key="23"
  >
    <styled.div>
      <styled.p>
        21
      </styled.p>
    </styled.div>
  </div>
  <div
    key="24"
  >
    <styled.div>
      <styled.p>
        22
      </styled.p>
    </styled.div>
  </div>
  <div
    key="25"
  >
    <styled.div>
      <styled.p>
        23
      </styled.p>
    </styled.div>
  </div>
  <div
    key="26"
  >
    <styled.div>
      <styled.p>
        24
      </styled.p>
    </styled.div>
  </div>
  <div
    key="27"
  >
    <styled.div>
      <styled.p>
        25
      </styled.p>
    </styled.div>
  </div>
  <div
    key="28"
  >
    <styled.div>
      <styled.p>
        26
      </styled.p>
    </styled.div>
  </div>
  <div
    key="29"
  >
    <styled.div>
      <styled.p>
        27
      </styled.p>
    </styled.div>
  </div>
  <div
    key="30"
  >
    <styled.div>
      <styled.p>
        28
      </styled.p>
    </styled.div>
  </div>
  <div
    key="31"
  >
    <styled.div>
      <styled.p>
        29
      </styled.p>
    </styled.div>
  </div>
  <div
    key="32"
  >
    <styled.div>
      <styled.p>
        30
      </styled.p>
    </styled.div>
  </div>
  <div
    key="33"
  >
    <styled.div>
      <styled.p>
        31
      </styled.p>
    </styled.div>
  </div>
  <div
    key="34"
  >
    <styled.div>
      <styled.p />
    </styled.div>
  </div>
  <div
    key="35"
  >
    <styled.div>
      <styled.p />
    </styled.div>
  </div>
  <div
    key="36"
  >
    <styled.div>
      <styled.p />
    </styled.div>
  </div>
  <div
    key="37"
  >
    <styled.div>
      <styled.p />
    </styled.div>
  </div>
  <div
    key="38"
  >
    <styled.div>
      <styled.p />
    </styled.div>
  </div>
  <div
    key="39"
  >
    <styled.div>
      <styled.p />
    </styled.div>
  </div>
  <div
    key="40"
  >
    <styled.div>
      <styled.p />
    </styled.div>
  </div>
  <div
    key="41"
  >
    <styled.div>
      <styled.p />
    </styled.div>
  </div>
</styled.div>
`;
